// Jest Snapshot v1, https://goo.gl/fbAQLP

exports[`SidebarSection matches snapshot 1`] = `
<div>
  <button
    class="mantine-UnstyledButton-root mantine-15gqdy2"
    type="button"
  >
    <div
      class="mantine-Group-root mantine-pr1x6c"
    >
      <div
        class="mantine-1a78l0v"
      >
        <div
          class="mantine-ajwi11"
        >
          test
        </div>
      </div>
      <svg
        class="mantine-sggls6"
        fill="none"
        height="14"
        stroke="currentColor"
        stroke-linecap="round"
        stroke-linejoin="round"
        stroke-width="1.5"
        style="transform: none;"
        viewBox="0 0 24 24"
        width="14"
        xmlns="http://www.w3.org/2000/svg"
      >
        <path
          d="M9 6l6 6l-6 6"
        />
      </svg>
    </div>
  </button>
  <div
    aria-hidden="true"
    class="mantine-1avyp1d"
    style="box-sizing: border-box; display: none; height: 0px; overflow: hidden;"
  >
    <div
      style="opacity: 0; transition: opacity 200ms ease;"
    >
      <div
        class="mantine-Text-root mantine-xzk34w"
      >
        <button
          class="mantine-UnstyledButton-root mantine-7dibxq"
          data-testid="sidebar-subsection-button"
          type="button"
        >
          <div
            class="mantine-Group-root mantine-pr1x6c"
          >
            <div
              class="mantine-1a78l0v"
            >
              <div
                class="mantine-ajwi11"
              >
                test
              </div>
            </div>
            <svg
              class="mantine-sggls6"
              fill="none"
              height="14"
              stroke="currentColor"
              stroke-linecap="round"
              stroke-linejoin="round"
              stroke-width="1.5"
              style="transform: none;"
              viewBox="0 0 24 24"
              width="14"
              xmlns="http://www.w3.org/2000/svg"
            >
              <path
                d="M9 6l6 6l-6 6"
              />
            </svg>
          </div>
        </button>
        <div
          aria-hidden="true"
          class="mantine-1avyp1d"
          data-testid="sidebar-subsection-collapse"
          style="box-sizing: border-box; display: none; height: 0px; overflow: hidden;"
        >
          <div
            style="opacity: 0; transition: opacity 200ms ease;"
          >
            <div
              class="mantine-Text-root mantine-1qcu6lh"
            />
          </div>
        </div>
      </div>
    </div>
  </div>
  ,
</div>
`;
