// Jest Snapshot v1, https://goo.gl/fbAQLP

exports[`ControlGrid.tsx renders the ControlGrid component. 1`] = `
<div>
  <div
    data-testid="react-grid"
  >
    <div
      data-grid="[object Object]"
      style="background-color: rgb(25, 25, 25); border-radius: 16px;"
    >
      <div
        data-testid="control"
      />
    </div>
  </div>
</div>
`;
