// Jest Snapshot v1, https://goo.gl/fbAQLP

exports[`ConditionalNode checks the snapshot 1`] = `
<div>
  <div
    data-testid="node-wrapper"
  >
    <div
      class="mantine-1avyp1d"
    >
      <div
        class="mantine-1oexgir"
        style="padding: 0px 0px 8px 0px;"
      >
        <div
          class="mantine-1avyp1d"
        >
          <div
            class="mantine-11k3zi0"
          >
            test
          </div>
          <div
            class="mantine-1avyp1d"
          />
        </div>
        <div
          class="mantine-m3buv7"
        >
          <div
            data-testid="handle-component"
          />
        </div>
      </div>
    </div>
  </div>
  ,
</div>
`;
