// Jest Snapshot v1, https://goo.gl/fbAQLP

exports[`ConditionalNode checks the snapshot 1`] = `
<div>
  <div
    class="mantine-n8y7xk"
    data-testid="node-wrapper"
  >
    <div
      class="mantine-1avyp1d"
    >
      <div
        class="mantine-1ee35f4"
      >
        <div
          class="mantine-1avyp1d"
          data-testid="data-label-design"
        >
          <div
            class="mantine-1avyp1d"
          >
            test
          </div>
        </div>
        <div
          class="mantine-1b6b4my"
        >
          <div
            data-testid="handle-component"
          />
        </div>
      </div>
    </div>
  </div>
  ,
</div>
`;
