// Jest Snapshot v1, https://goo.gl/fbAQLP

exports[`VisorNode checks the snapshot 1`] = `
<div>
  <div
    class="mantine-n8y7xk"
    data-testid="node-wrapper"
  >
    <div
      class="mantine-1avyp1d"
    >
      <div
        class="mantine-yenosr"
        style="padding: 0px 0px 8px 0px;"
      >
        <div
          class="mantine-1b6b4my"
        >
          <div
            data-testid="handle-component"
          />
        </div>
      </div>
    </div>
  </div>
  ,
</div>
`;
