// Jest Snapshot v1, https://goo.gl/fbAQLP

exports[`NodeButtons component renders correctly with default props 1`] = `
<div>
  <div
    class="mantine-1adffj6"
  >
    <div
      class="mantine-ri1b3q"
    >
      <svg
        class="tabler-icon tabler-icon-arrows-maximize"
        data-testid="expand-button"
        fill="none"
        height="24"
        stroke="currentColor"
        stroke-linecap="round"
        stroke-linejoin="round"
        stroke-width="2"
        viewBox="0 0 24 24"
        width="24"
        xmlns="http://www.w3.org/2000/svg"
      >
        <path
          d="M16 4l4 0l0 4"
        />
        <path
          d="M14 10l6 -6"
        />
        <path
          d="M8 20l-4 0l0 -4"
        />
        <path
          d="M4 20l6 -6"
        />
        <path
          d="M16 20l4 0l0 -4"
        />
        <path
          d="M14 14l6 6"
        />
        <path
          d="M8 4l-4 0l0 4"
        />
        <path
          d="M4 4l6 6"
        />
      </svg>
    </div>
  </div>
  ,
</div>
`;
