// Jest Snapshot v1, https://goo.gl/fbAQLP

exports[`FlowChartTabView should render the component correcty 1`] = `
<div>
  <div
    data-testid="react-flow"
    style="height: 90vh;"
  >
    <div
      class="react-flow"
      data-testid="rf__wrapper"
      style="position: relative; height: 100%; width: 100%; overflow: hidden; z-index: 0;"
    >
      <div
        class="react-flow__renderer"
        style="position: absolute; width: 100%; height: 100%; top: 0px; left: 0px;"
      >
        <div
          class="react-flow__pane"
          style="position: absolute; width: 100%; height: 100%; top: 0px; left: 0px;"
        >
          <div
            class="react-flow__viewport react-flow__container"
            style="transform: translate(0px,0px) scale(1);"
          >
            <svg
              class="react-flow__edges react-flow__container"
              height="500"
              style="z-index: 0;"
              width="500"
            >
              <defs />
              <g />
            </svg>
            <div
              class="react-flow__edgelabel-renderer"
            />
            <div
              class="react-flow__nodes"
              style="position: absolute; width: 100%; height: 100%; top: 0px; left: 0px;"
            />
          </div>
        </div>
      </div>
      <div
        class="react-flow__panel react-flow__attribution bottom right"
        data-message="Please only hide this attribution when you are subscribed to React Flow Pro: https://pro.reactflow.dev"
        style="pointer-events: all;"
      >
        <a
          aria-label="React Flow attribution"
          href="https://reactflow.dev"
          rel="noopener noreferrer"
          target="_blank"
        >
          React Flow
        </a>
      </div>
      <div
        id="react-flow__node-desc-1"
        style="display: none;"
      >
        Press enter or space to select a node.
        You can then use the arrow keys to move the node around.
         Press delete to remove it and escape to cancel.
         
      </div>
      <div
        id="react-flow__edge-desc-1"
        style="display: none;"
      >
        Press enter or space to select an edge. You can then press delete to remove it or escape to cancel.
      </div>
      <div
        aria-atomic="true"
        aria-live="assertive"
        id="react-flow__aria-live-1"
        style="position: absolute; width: 1px; height: 1px; margin: -1px; border: 0px; padding: 0px; overflow: hidden; clip: rect(0px, 0px, 0px, 0px); clip-path: inset(100%);"
      />
    </div>
  </div>
  <div />
</div>
`;
